// Jest Snapshot v1, https://goo.gl/fbAQLP

exports[`functions toMatchGasSnapshot 1`] = `51319`;
